-100
-90
-80
-70
-60
-50
-40
-30
-20
-10
0
1
1
2
2
2
2
3
4
4
5
6
7
9
10
10
15
20
20
23
24
30
40
50
60
70
80
90
100
235
